[0.107s] DEBUG:colcon:Command line arguments: ['/usr/bin/colcon', 'build', '--packages-select', 'sura_bt', '--symlink-install']
[0.107s] DEBUG:colcon:Parsed command line arguments: Namespace(log_base=None, log_level=None, verb_name='build', build_base='build', install_base='install', merge_install=False, symlink_install=True, test_result_base=None, continue_on_error=False, executor='parallel', parallel_workers=12, event_handlers=None, ignore_user_meta=False, metas=['./colcon.meta'], base_paths=['.'], packages_ignore=None, packages_ignore_regex=None, paths=None, packages_up_to=None, packages_up_to_regex=None, packages_above=None, packages_above_and_dependencies=None, packages_above_depth=None, packages_select_by_dep=None, packages_skip_by_dep=None, packages_skip_up_to=None, packages_select_build_failed=False, packages_skip_build_finished=False, packages_select_test_failures=False, packages_skip_test_passed=False, packages_select=['sura_bt'], packages_skip=None, packages_select_regex=None, packages_skip_regex=None, packages_start=None, packages_end=None, allow_overriding=[], cmake_args=None, cmake_target=None, cmake_target_skip_unavailable=False, cmake_clean_cache=False, cmake_clean_first=False, cmake_force_configure=False, ament_cmake_args=None, catkin_cmake_args=None, catkin_skip_building_tests=False, mixin_files=None, mixin=None, verb_parser=<colcon_mixin.mixin.mixin_argument.MixinArgumentDecorator object at 0x79304559d270>, verb_extension=<colcon_core.verb.build.BuildVerb object at 0x79304551e8f0>, main=<bound method BuildVerb.main of <colcon_core.verb.build.BuildVerb object at 0x79304551e8f0>>, mixin_verb=('build',))
[0.142s] Level 1:colcon.colcon_core.package_discovery:discover_packages(colcon_meta) check parameters
[0.142s] Level 1:colcon.colcon_core.package_discovery:discover_packages(recursive) check parameters
[0.142s] Level 1:colcon.colcon_core.package_discovery:discover_packages(ignore) check parameters
[0.142s] Level 1:colcon.colcon_core.package_discovery:discover_packages(path) check parameters
[0.142s] Level 1:colcon.colcon_core.package_discovery:discover_packages(colcon_meta) discover
[0.142s] Level 1:colcon.colcon_core.package_discovery:discover_packages(recursive) discover
[0.142s] INFO:colcon.colcon_core.package_discovery:Crawling recursively for packages in '/home/usuario/sura_ws_meta/src/sura_bt'
[0.143s] Level 1:colcon.colcon_core.package_identification:_identify(.) by extensions ['ignore', 'ignore_ament_install']
[0.143s] Level 1:colcon.colcon_core.package_identification:_identify(.) by extension 'ignore'
[0.143s] Level 1:colcon.colcon_core.package_identification:_identify(.) by extension 'ignore_ament_install'
[0.143s] Level 1:colcon.colcon_core.package_identification:_identify(.) by extensions ['colcon_pkg']
[0.143s] Level 1:colcon.colcon_core.package_identification:_identify(.) by extension 'colcon_pkg'
[0.143s] Level 1:colcon.colcon_core.package_identification:_identify(.) by extensions ['colcon_meta']
[0.143s] Level 1:colcon.colcon_core.package_identification:_identify(.) by extension 'colcon_meta'
[0.143s] Level 1:colcon.colcon_core.package_identification:_identify(.) by extensions ['ros']
[0.143s] Level 1:colcon.colcon_core.package_identification:_identify(.) by extension 'ros'
[0.170s] DEBUG:colcon.colcon_core.package_identification:Package '.' with type 'ros.ament_cmake' and name 'sura_bt'
[0.170s] Level 1:colcon.colcon_core.package_discovery:discover_packages(recursive) using defaults
[0.171s] Level 1:colcon.colcon_core.package_discovery:discover_packages(ignore) discover
[0.171s] Level 1:colcon.colcon_core.package_discovery:discover_packages(ignore) using defaults
[0.171s] Level 1:colcon.colcon_core.package_discovery:discover_packages(path) discover
[0.171s] Level 1:colcon.colcon_core.package_discovery:discover_packages(path) using defaults
[0.188s] Level 1:colcon.colcon_core.package_discovery:discover_packages(prefix_path) check parameters
[0.188s] Level 1:colcon.colcon_core.package_discovery:discover_packages(prefix_path) discover
[0.192s] DEBUG:colcon.colcon_installed_package_information.package_discovery:Found 371 installed packages in /opt/ros/humble
[0.193s] Level 1:colcon.colcon_core.package_discovery:discover_packages(prefix_path) using defaults
[0.246s] Level 5:colcon.colcon_core.verb:set package 'sura_bt' build argument 'cmake_args' from command line to 'None'
[0.246s] Level 5:colcon.colcon_core.verb:set package 'sura_bt' build argument 'cmake_target' from command line to 'None'
[0.246s] Level 5:colcon.colcon_core.verb:set package 'sura_bt' build argument 'cmake_target_skip_unavailable' from command line to 'False'
[0.246s] Level 5:colcon.colcon_core.verb:set package 'sura_bt' build argument 'cmake_clean_cache' from command line to 'False'
[0.246s] Level 5:colcon.colcon_core.verb:set package 'sura_bt' build argument 'cmake_clean_first' from command line to 'False'
[0.246s] Level 5:colcon.colcon_core.verb:set package 'sura_bt' build argument 'cmake_force_configure' from command line to 'False'
[0.246s] Level 5:colcon.colcon_core.verb:set package 'sura_bt' build argument 'ament_cmake_args' from command line to 'None'
[0.246s] Level 5:colcon.colcon_core.verb:set package 'sura_bt' build argument 'catkin_cmake_args' from command line to 'None'
[0.246s] Level 5:colcon.colcon_core.verb:set package 'sura_bt' build argument 'catkin_skip_building_tests' from command line to 'False'
[0.246s] DEBUG:colcon.colcon_core.verb:Building package 'sura_bt' with the following arguments: {'ament_cmake_args': None, 'build_base': '/home/usuario/sura_ws_meta/src/sura_bt/build/sura_bt', 'catkin_cmake_args': None, 'catkin_skip_building_tests': False, 'cmake_args': None, 'cmake_clean_cache': False, 'cmake_clean_first': False, 'cmake_force_configure': False, 'cmake_target': None, 'cmake_target_skip_unavailable': False, 'install_base': '/home/usuario/sura_ws_meta/src/sura_bt/install/sura_bt', 'merge_install': False, 'path': '/home/usuario/sura_ws_meta/src/sura_bt', 'symlink_install': True, 'test_result_base': None}
[0.247s] INFO:colcon.colcon_core.executor:Executing jobs using 'parallel' executor
[0.248s] DEBUG:colcon.colcon_parallel_executor.executor.parallel:run_until_complete
[0.248s] INFO:colcon.colcon_ros.task.ament_cmake.build:Building ROS package in '/home/usuario/sura_ws_meta/src/sura_bt' with build type 'ament_cmake'
[0.248s] INFO:colcon.colcon_cmake.task.cmake.build:Building CMake package in '/home/usuario/sura_ws_meta/src/sura_bt'
[0.250s] INFO:colcon.colcon_core.plugin_system:Skipping extension 'colcon_core.shell.bat': Not used on non-Windows systems
[0.250s] INFO:colcon.colcon_core.shell:Skip shell extension 'powershell' for command environment: Not usable outside of PowerShell
[0.250s] DEBUG:colcon.colcon_core.shell:Skip shell extension 'dsv' for command environment
[0.258s] DEBUG:colcon.colcon_core.event_handler.log_command:Invoking command in '/home/usuario/sura_ws_meta/src/sura_bt/build/sura_bt': CMAKE_PREFIX_PATH=/opt/ros/humble /usr/bin/cmake /home/usuario/sura_ws_meta/src/sura_bt -DAMENT_CMAKE_SYMLINK_INSTALL=1 -DCMAKE_INSTALL_PREFIX=/home/usuario/sura_ws_meta/src/sura_bt/install/sura_bt
[1.729s] DEBUG:colcon.colcon_core.event_handler.log_command:Invoked command in '/home/usuario/sura_ws_meta/src/sura_bt/build/sura_bt' returned '1': CMAKE_PREFIX_PATH=/opt/ros/humble /usr/bin/cmake /home/usuario/sura_ws_meta/src/sura_bt -DAMENT_CMAKE_SYMLINK_INSTALL=1 -DCMAKE_INSTALL_PREFIX=/home/usuario/sura_ws_meta/src/sura_bt/install/sura_bt
[1.743s] Level 1:colcon.colcon_core.environment:create_environment_scripts_only(sura_bt)
[1.745s] Level 1:colcon.colcon_core.environment:checking '/home/usuario/sura_ws_meta/src/sura_bt/install/sura_bt' for CMake module files
[1.745s] Level 1:colcon.colcon_core.environment:checking '/home/usuario/sura_ws_meta/src/sura_bt/install/sura_bt' for CMake config files
[1.746s] Level 1:colcon.colcon_core.environment:checking '/home/usuario/sura_ws_meta/src/sura_bt/install/sura_bt/bin'
[1.746s] Level 1:colcon.colcon_core.environment:checking '/home/usuario/sura_ws_meta/src/sura_bt/install/sura_bt/lib/pkgconfig/sura_bt.pc'
[1.746s] Level 1:colcon.colcon_core.environment:checking '/home/usuario/sura_ws_meta/src/sura_bt/install/sura_bt/lib/python3.10/site-packages'
[1.746s] Level 1:colcon.colcon_core.environment:checking '/home/usuario/sura_ws_meta/src/sura_bt/install/sura_bt/bin'
[1.746s] INFO:colcon.colcon_core.shell:Creating package script '/home/usuario/sura_ws_meta/src/sura_bt/install/sura_bt/share/sura_bt/package.ps1'
[1.747s] INFO:colcon.colcon_core.shell:Creating package descriptor '/home/usuario/sura_ws_meta/src/sura_bt/install/sura_bt/share/sura_bt/package.dsv'
[1.748s] INFO:colcon.colcon_core.shell:Creating package script '/home/usuario/sura_ws_meta/src/sura_bt/install/sura_bt/share/sura_bt/package.sh'
[1.748s] INFO:colcon.colcon_core.shell:Creating package script '/home/usuario/sura_ws_meta/src/sura_bt/install/sura_bt/share/sura_bt/package.bash'
[1.749s] INFO:colcon.colcon_core.shell:Creating package script '/home/usuario/sura_ws_meta/src/sura_bt/install/sura_bt/share/sura_bt/package.zsh'
[1.749s] Level 1:colcon.colcon_core.environment:create_file_with_runtime_dependencies(/home/usuario/sura_ws_meta/src/sura_bt/install/sura_bt/share/colcon-core/packages/sura_bt)
[1.760s] DEBUG:colcon.colcon_parallel_executor.executor.parallel:closing loop
[1.760s] DEBUG:colcon.colcon_parallel_executor.executor.parallel:loop closed
[1.760s] DEBUG:colcon.colcon_parallel_executor.executor.parallel:run_until_complete finished with '1'
[1.760s] DEBUG:colcon.colcon_core.event_reactor:joining thread
[1.765s] INFO:colcon.colcon_core.plugin_system:Skipping extension 'colcon_notification.desktop_notification.terminal_notifier': Not used on non-Darwin systems
[1.766s] INFO:colcon.colcon_core.plugin_system:Skipping extension 'colcon_notification.desktop_notification.win32': Not used on non-Windows systems
[1.766s] INFO:colcon.colcon_notification.desktop_notification:Sending desktop notification using 'notify2'
[1.775s] DEBUG:colcon.colcon_core.event_reactor:joined thread
[1.776s] INFO:colcon.colcon_core.shell:Creating prefix script '/home/usuario/sura_ws_meta/src/sura_bt/install/local_setup.ps1'
[1.777s] INFO:colcon.colcon_core.shell:Creating prefix util module '/home/usuario/sura_ws_meta/src/sura_bt/install/_local_setup_util_ps1.py'
[1.778s] INFO:colcon.colcon_core.shell:Creating prefix chain script '/home/usuario/sura_ws_meta/src/sura_bt/install/setup.ps1'
[1.779s] INFO:colcon.colcon_core.shell:Creating prefix script '/home/usuario/sura_ws_meta/src/sura_bt/install/local_setup.sh'
[1.780s] INFO:colcon.colcon_core.shell:Creating prefix util module '/home/usuario/sura_ws_meta/src/sura_bt/install/_local_setup_util_sh.py'
[1.780s] INFO:colcon.colcon_core.shell:Creating prefix chain script '/home/usuario/sura_ws_meta/src/sura_bt/install/setup.sh'
[1.781s] INFO:colcon.colcon_core.shell:Creating prefix script '/home/usuario/sura_ws_meta/src/sura_bt/install/local_setup.bash'
[1.782s] INFO:colcon.colcon_core.shell:Creating prefix chain script '/home/usuario/sura_ws_meta/src/sura_bt/install/setup.bash'
[1.783s] INFO:colcon.colcon_core.shell:Creating prefix script '/home/usuario/sura_ws_meta/src/sura_bt/install/local_setup.zsh'
[1.783s] INFO:colcon.colcon_core.shell:Creating prefix chain script '/home/usuario/sura_ws_meta/src/sura_bt/install/setup.zsh'
